2026-36-29 11:36:07- ArithmaticApp-DEBUG-Adding 10+12 = 22
2026-39-29 11:39:05- ArithmaticApp-DEBUG-Adding 10+12 = 22
2026-41-29 11:41:55- ArithmaticApp-DEBUG-Adding 10+12 = 22
2026-47-29 11:47:07- ArithmaticApp-DEBUG-Adding 10+12 = 22
2026-47-29 11:47:07- ArithmaticApp-DEBUG-Subtraction 20 - 30 = result
2026-47-29 11:47:07- ArithmaticApp-DEBUG-MUltiplying 12 * 13
2026-47-29 11:47:23- ArithmaticApp-DEBUG-Adding 10+12 = 22
2026-47-29 11:47:23- ArithmaticApp-DEBUG-Subtraction 20 - 30 = result
2026-47-29 11:47:23- ArithmaticApp-DEBUG-MUltiplying 12 * 13
2026-51-29 11:51:47- ArithmaticApp-DEBUG-Adding 10+12 = 22
2026-51-29 11:51:47- ArithmaticApp-DEBUG-Subtraction 20 - 30 = result
2026-51-29 11:51:47- ArithmaticApp-DEBUG-MUltiplying 12 * 13
2026-52-29 11:52:56- ArithmaticApp-DEBUG-Adding 10+12 = 22
2026-52-29 11:52:56- ArithmaticApp-DEBUG-Subtraction 20 - 30 = result
2026-52-29 11:52:56- ArithmaticApp-DEBUG-MUltiplying 12 * 13
2026-53-29 11:53:54- ArithmaticApp-DEBUG-Adding 10+12 = 22
2026-53-29 11:53:54- ArithmaticApp-DEBUG-Subtraction 20 - 30 = result
2026-53-29 11:53:54- ArithmaticApp-DEBUG-Multiplying 12 * 13
2026-53-29 11:53:54- ArithmaticApp-DEBUG-Dividing 10 / 20 = 0.5
2026-42-29 19:42:32- ArithmaticApp-DEBUG-Adding 10+12 = 22
2026-42-29 19:42:32- ArithmaticApp-DEBUG-Subtraction 20 - 30 = result
2026-42-29 19:42:32- ArithmaticApp-DEBUG-Multiplying 12 * 13
2026-42-29 19:42:32- ArithmaticApp-DEBUG-Dividing 10 / 20 = 0.5
